../Drivers/CMSIS/Include/core_cm3.h:1762:34:__NVIC_SystemReset	4	static,ignoring_inline_asm
../Core/Src/main.c:101:6:delay_us	16	static
../Core/Src/main.c:108:10:HCSR04_Read	16	static
../Core/Src/main.c:139:6:SendSensorData	104	static
../Core/Src/main.c:149:6:ReadModeFromBackup	24	static
../Core/Src/main.c:162:6:WriteModeToBackup	24	static,ignoring_inline_asm
../Core/Src/main.c:176:6:ProcessUARTCommand	72	static
../Core/Src/main.c:254:6:vProducerTask	24	static
../Core/Src/main.c:296:6:vConsumerTask	32	static
../Core/Src/main.c:331:6:vAlertTask	160	static
../Core/Src/main.c:366:6:RunBareMetalMode	64	static
../Core/Src/main.c:412:6:HAL_UART_RxCpltCallback	16	static
../Core/Src/main.c:425:5:main	200	static
../Core/Src/main.c:577:6:SystemClock_Config	72	static
../Core/Src/main.c:614:13:MX_TIM1_Init	32	static
../Core/Src/main.c:660:13:MX_USART2_UART_Init	8	static
../Core/Src/main.c:693:13:MX_GPIO_Init	40	static
../Core/Src/main.c:746:6:StartSensorTask	16	static
../Core/Src/main.c:765:6:HAL_TIM_PeriodElapsedCallback	16	static
../Core/Src/main.c:790:6:Error_Handler	16	static
