../Core/Src/stm32f1xx_it.c:72:6:NMI_Handler	4	static
../Core/Src/stm32f1xx_it.c:87:6:HardFault_Handler	8	static
../Core/Src/stm32f1xx_it.c:107:6:MemManage_Handler	16	static
../Core/Src/stm32f1xx_it.c:128:6:BusFault_Handler	16	static
../Core/Src/stm32f1xx_it.c:149:6:UsageFault_Handler	16	static
../Core/Src/stm32f1xx_it.c:170:6:DebugMon_Handler	4	static
../Core/Src/stm32f1xx_it.c:190:6:TIM2_IRQHandler	8	static
../Core/Src/stm32f1xx_it.c:205:6:USART2_IRQHandler	8	static
../Core/Src/stm32f1xx_it.c:212:6:SysTick_Handler	4	static
